364 526 808 946 994 1047 1237 1960 2246 2487 2519 2670 3183 3188 3202 3345 3573 3876 3902 4536 4638 4654 4823 5485 5485 6535 6849 6883 6884 6972 7363 8063 8204 8874 9154 9212 9499 9564 9686 9866
